// Jest Snapshot v1, https://goo.gl/fbAQLP

exports[`Progress initial render 1`] = `"<div class=\\"progress\\"><svg width=\\"120\\" height=\\"120\\" viewBox=\\"0 0 120 120\\"><defs><filter id=\\"inset-shadow\\"><feFlood flood-color=\\"black\\"></feFlood><feComposite operator=\\"xor\\" in2=\\"SourceGraphic\\"></feComposite><feGaussianBlur stdDeviation=\\"2\\"></feGaussianBlur><feComposite operator=\\"in\\" in2=\\"SourceGraphic\\" result=\\"map\\"></feComposite><feDiffuseLighting lighting-color=\\"#fff\\" surfaceScale=\\"4\\" diffuseConstant=\\"1.2\\"><feSpotLight x=\\"0\\" y=\\"-30\\" z=\\"230\\"></feSpotLight></feDiffuseLighting><feBlend mode=\\"multiply\\" in=\\"SourceGraphic\\"></feBlend><feComposite operator=\\"in\\" in2=\\"SourceGraphic\\"></feComposite></filter><pattern id=\\"bgi\\" patternUnits=\\"userSpaceOnUse\\" width=\\"32\\" height=\\"32\\"><image xlink:href=\\"bgi.jpg\\" width=\\"2\\" height=\\"2\\"></image></pattern></defs><circle class=\\"circle__background\\" filter=\\"url(#inset-shadow)\\" cx=\\"60\\" cy=\\"60\\" r=\\"56\\" stroke-width=\\"8px\\" fill=\\"none\\"></circle><circle class=\\"circle__progress minutes\\" cx=\\"60\\" cy=\\"60\\" r=\\"56\\" stroke-width=\\"8px\\" fill=\\"transparent\\" transform=\\"rotate(-90 60 60)\\" style=\\"stroke-dasharray:351.85837720205683;stroke-dashoffset:175.92918860102844\\"></circle><foreignObject class=\\"node\\" width=\\"120\\" height=\\"120\\"><div><span class=\\"circle__value minutes\\">30</span><p class=\\"circle__name minutes\\">minutes</p></div></foreignObject></svg></div>"`;
