// Jest Snapshot v1, https://goo.gl/fbAQLP

exports[`Timer initial render 1`] = `
"<div class=\\"timer\\"><div class=\\"progress__container\\"><div class=\\"progress\\"><svg width=\\"120\\" height=\\"120\\" viewBox=\\"0 0 120 120\\"><defs><filter id=\\"inset-shadow\\"><feFlood flood-color=\\"black\\"></feFlood><feComposite operator=\\"xor\\" in2=\\"SourceGraphic\\"></feComposite><feGaussianBlur stdDeviation=\\"2\\"></feGaussianBlur><feComposite operator=\\"in\\" in2=\\"SourceGraphic\\" result=\\"map\\"></feComposite><feDiffuseLighting lighting-color=\\"#fff\\" surfaceScale=\\"4\\" diffuseConstant=\\"1.2\\"><feSpotLight x=\\"0\\" y=\\"-30\\" z=\\"230\\"></feSpotLight></feDiffuseLighting><feBlend mode=\\"multiply\\" in=\\"SourceGraphic\\"></feBlend><feComposite operator=\\"in\\" in2=\\"SourceGraphic\\"></feComposite></filter><pattern id=\\"bgi\\" patternUnits=\\"userSpaceOnUse\\" width=\\"32\\" height=\\"32\\"><image xlink:href=\\"bgi.jpg\\" width=\\"2\\" height=\\"2\\"></image></pattern></defs><circle class=\\"circle__background\\" filter=\\"url(#inset-shadow)\\" cx=\\"60\\" cy=\\"60\\" r=\\"56\\" stroke-width=\\"8px\\" fill=\\"none\\"></circle><circle class=\\"circle__progress hours\\" cx=\\"60\\" cy=\\"60\\" r=\\"56\\" stroke-width=\\"8px\\" fill=\\"transparent\\" transform=\\"rotate(-90 60 60)\\" style=\\"stroke-dasharray:351.85837720205683;stroke-dashoffset:5.684341886080802e-14\\"></circle><foreignObject class=\\"node\\" width=\\"120\\" height=\\"120\\"><div><span class=\\"circle__value hours\\">0</span><p class=\\"circle__name hours\\">hours</p></div></foreignObject></svg></div><div class=\\"progress\\"><svg width=\\"120\\" height=\\"120\\" viewBox=\\"0 0 120 120\\"><defs><filter id=\\"inset-shadow\\"><feFlood flood-color=\\"black\\"></feFlood><feComposite operator=\\"xor\\" in2=\\"SourceGraphic\\"></feComposite><feGaussianBlur stdDeviation=\\"2\\"></feGaussianBlur><feComposite operator=\\"in\\" in2=\\"SourceGraphic\\" result=\\"map\\"></feComposite><feDiffuseLighting lighting-color=\\"#fff\\" surfaceScale=\\"4\\" diffuseConstant=\\"1.2\\"><feSpotLight x=\\"0\\" y=\\"-30\\" z=\\"230\\"></feSpotLight></feDiffuseLighting><feBlend mode=\\"multiply\\" in=\\"SourceGraphic\\"></feBlend><feComposite operator=\\"in\\" in2=\\"SourceGraphic\\"></feComposite></filter><pattern id=\\"bgi\\" patternUnits=\\"userSpaceOnUse\\" width=\\"32\\" height=\\"32\\"><image xlink:href=\\"bgi.jpg\\" width=\\"2\\" height=\\"2\\"></image></pattern></defs><circle class=\\"circle__background\\" filter=\\"url(#inset-shadow)\\" cx=\\"60\\" cy=\\"60\\" r=\\"56\\" stroke-width=\\"8px\\" fill=\\"none\\"></circle><circle class=\\"circle__progress minutes\\" cx=\\"60\\" cy=\\"60\\" r=\\"56\\" stroke-width=\\"8px\\" fill=\\"transparent\\" transform=\\"rotate(-90 60 60)\\" style=\\"stroke-dasharray:351.85837720205683;stroke-dashoffset:5.684341886080802e-14\\"></circle><foreignObject class=\\"node\\" width=\\"120\\" height=\\"120\\"><div><span class=\\"circle__value minutes\\">0</span><p class=\\"circle__name minutes\\">minutes</p></div></foreignObject></svg></div><div class=\\"progress\\"><svg width=\\"120\\" height=\\"120\\" viewBox=\\"0 0 120 120\\"><defs><filter id=\\"inset-shadow\\"><feFlood flood-color=\\"black\\"></feFlood><feComposite operator=\\"xor\\" in2=\\"SourceGraphic\\"></feComposite><feGaussianBlur stdDeviation=\\"2\\"></feGaussianBlur><feComposite operator=\\"in\\" in2=\\"SourceGraphic\\" result=\\"map\\"></feComposite><feDiffuseLighting lighting-color=\\"#fff\\" surfaceScale=\\"4\\" diffuseConstant=\\"1.2\\"><feSpotLight x=\\"0\\" y=\\"-30\\" z=\\"230\\"></feSpotLight></feDiffuseLighting><feBlend mode=\\"multiply\\" in=\\"SourceGraphic\\"></feBlend><feComposite operator=\\"in\\" in2=\\"SourceGraphic\\"></feComposite></filter><pattern id=\\"bgi\\" patternUnits=\\"userSpaceOnUse\\" width=\\"32\\" height=\\"32\\"><image xlink:href=\\"bgi.jpg\\" width=\\"2\\" height=\\"2\\"></image></pattern></defs><circle class=\\"circle__background\\" filter=\\"url(#inset-shadow)\\" cx=\\"60\\" cy=\\"60\\" r=\\"56\\" stroke-width=\\"8px\\" fill=\\"none\\"></circle><circle class=\\"circle__progress seconds\\" cx=\\"60\\" cy=\\"60\\" r=\\"56\\" stroke-width=\\"8px\\" fill=\\"transparent\\" transform=\\"rotate(-90 60 60)\\" style=\\"stroke-dasharray:351.85837720205683;stroke-dashoffset:5.684341886080802e-14\\"></circle><foreignObject class=\\"node\\" width=\\"120\\" height=\\"120\\"><div><span class=\\"circle__value seconds\\">0</span><p class=\\"circle__name seconds\\">seconds</p></div></foreignObject></svg></div></div><div class=\\"timer__start\\"><input type=\\"number\\" id=\\"timer-value\\" value=\\"\\"/><button id=\\"start-timer\\" disabled=\\"\\">Start Timer</button><button id=\\"stop-timer\\" disabled=\\"\\">Stop Timer</button></div><div class=\\"timer__type\\"><div class=\\"timer-type\\"><input type=\\"text\\" class=\\"timer-type__input\\" value=\\"hours, minutes, seconds\\"/><br/><textarea class=\\"timer-type__text\\" cols=\\"30\\" rows=\\"10\\">hours
minutes
seconds</textarea><br/><select multiple=\\"\\" class=\\"timer-type__select\\"><option value=\\"hours\\" selected=\\"\\">hours</option><option value=\\"minutes\\" selected=\\"\\">minutes</option><option value=\\"seconds\\" selected=\\"\\">seconds</option></select></div></div></div>"
`;
